// Jest Snapshot v1, https://goo.gl/fbAQLP

exports[`GitHubQuery snapshot 1`] = `
<body>
  <div />
</body>
`;
