// Jest Snapshot v1, https://goo.gl/fbAQLP

exports[`Navigation snapshot 1`] = `
<body>
  <div>
    <div
      class="makeStyles-navigation-1"
    >
      <header
        class="MuiPaper-root MuiPaper-elevation4 MuiAppBar-root MuiAppBar-positionFixed makeStyles-navigationHeader-6 MuiAppBar-colorPrimary mui-fixed"
      >
        <div
          class="MuiToolbar-root MuiToolbar-regular MuiToolbar-gutters"
        >
          <button
            aria-label="open drawer"
            class="MuiButtonBase-root MuiIconButton-root makeStyles-navigationHeader-MenuButton-8 MuiIconButton-colorInherit MuiIconButton-edgeStart"
            tabindex="0"
            type="button"
          >
            <span
              class="MuiIconButton-label"
            >
              <svg
                aria-hidden="true"
                class="MuiSvgIcon-root"
                focusable="false"
                role="presentation"
                viewBox="0 0 24 24"
              >
                <path
                  d="M3 18h18v-2H3v2zm0-5h18v-2H3v2zm0-7v2h18V6H3z"
                />
              </svg>
            </span>
            <span
              class="MuiTouchRipple-root"
            />
          </button>
          <h6
            class="MuiTypography-root MuiTypography-h6 MuiTypography-noWrap"
          >
            Mini variant drawer
          </h6>
        </div>
      </header>
      <div
        class="MuiDrawer-root MuiDrawer-docked makeStyles-navigation-Drawer-2 makeStyles-navigation-Drawer-close-4"
      >
        <div
          class="MuiPaper-root MuiPaper-elevation0 MuiDrawer-paper makeStyles-navigation-Drawer-close-4 MuiDrawer-paperAnchorLeft MuiDrawer-paperAnchorDockedLeft"
        >
          <nav
            class="navigationMenu"
          >
            <div
              class="makeStyles-navigationMenu-Header-113"
            >
              <button
                class="MuiButtonBase-root MuiIconButton-root"
                tabindex="0"
                type="button"
              >
                <span
                  class="MuiIconButton-label"
                >
                  <svg
                    aria-hidden="true"
                    class="MuiSvgIcon-root"
                    focusable="false"
                    role="presentation"
                    viewBox="0 0 24 24"
                  >
                    <path
                      d="M15.41 7.41L14 6l-6 6 6 6 1.41-1.41L10.83 12z"
                    />
                  </svg>
                </span>
                <span
                  class="MuiTouchRipple-root"
                />
              </button>
            </div>
            <ul
              class="MuiList-root navigationMenu-List MuiList-padding"
            >
              <a
                class="MuiTypography-root MuiLink-root MuiLink-underlineHover MuiTypography-colorPrimary"
                href="/"
              >
                <div
                  aria-disabled="false"
                  class="MuiButtonBase-root MuiListItem-root navigationMenu-ListItem MuiListItem-gutters MuiListItem-button"
                  role="button"
                  tabindex="0"
                >
                  <div
                    class="MuiListItemIcon-root"
                  >
                    <svg
                      aria-hidden="true"
                      class="MuiSvgIcon-root"
                      focusable="false"
                      role="presentation"
                      viewBox="0 0 24 24"
                    >
                      <path
                        d="M19 3H4.99c-1.11 0-1.98.9-1.98 2L3 19c0 1.1.88 2 1.99 2H19c1.1 0 2-.9 2-2V5c0-1.1-.9-2-2-2zm0 12h-4c0 1.66-1.35 3-3 3s-3-1.34-3-3H4.99V5H19v10zm-3-5h-2V7h-4v3H8l4 4 4-4z"
                      />
                      <path
                        d="M0 0h24v24H0V0z"
                        fill="none"
                      />
                    </svg>
                  </div>
                  <div
                    class="MuiListItemText-root"
                  >
                    <span
                      class="MuiTypography-root MuiListItemText-primary MuiTypography-body1"
                    >
                      ホーム
                    </span>
                  </div>
                  <span
                    class="MuiTouchRipple-root"
                  />
                </div>
              </a>
              <a
                class="MuiTypography-root MuiLink-root MuiLink-underlineHover MuiTypography-colorPrimary"
                href="/about"
              >
                <div
                  aria-disabled="false"
                  class="MuiButtonBase-root MuiListItem-root navigationMenu-ListItem MuiListItem-gutters MuiListItem-button"
                  role="button"
                  tabindex="0"
                >
                  <div
                    class="MuiListItemIcon-root"
                  >
                    <svg
                      aria-hidden="true"
                      class="MuiSvgIcon-root"
                      focusable="false"
                      role="presentation"
                      viewBox="0 0 24 24"
                    >
                      <path
                        d="M19 3H4.99c-1.11 0-1.98.9-1.98 2L3 19c0 1.1.88 2 1.99 2H19c1.1 0 2-.9 2-2V5c0-1.1-.9-2-2-2zm0 12h-4c0 1.66-1.35 3-3 3s-3-1.34-3-3H4.99V5H19v10zm-3-5h-2V7h-4v3H8l4 4 4-4z"
                      />
                      <path
                        d="M0 0h24v24H0V0z"
                        fill="none"
                      />
                    </svg>
                  </div>
                  <div
                    class="MuiListItemText-root"
                  >
                    <span
                      class="MuiTypography-root MuiListItemText-primary MuiTypography-body1"
                    >
                      自己紹介
                    </span>
                  </div>
                  <span
                    class="MuiTouchRipple-root"
                  />
                </div>
              </a>
              <a
                class="MuiTypography-root MuiLink-root MuiLink-underlineHover MuiTypography-colorPrimary"
                href="/material"
              >
                <div
                  aria-disabled="false"
                  class="MuiButtonBase-root MuiListItem-root navigationMenu-ListItem MuiListItem-gutters MuiListItem-button"
                  role="button"
                  tabindex="0"
                >
                  <div
                    class="MuiListItemIcon-root"
                  >
                    <svg
                      aria-hidden="true"
                      class="MuiSvgIcon-root"
                      focusable="false"
                      role="presentation"
                      viewBox="0 0 24 24"
                    >
                      <path
                        d="M19 3H4.99c-1.11 0-1.98.9-1.98 2L3 19c0 1.1.88 2 1.99 2H19c1.1 0 2-.9 2-2V5c0-1.1-.9-2-2-2zm0 12h-4c0 1.66-1.35 3-3 3s-3-1.34-3-3H4.99V5H19v10zm-3-5h-2V7h-4v3H8l4 4 4-4z"
                      />
                      <path
                        d="M0 0h24v24H0V0z"
                        fill="none"
                      />
                    </svg>
                  </div>
                  <div
                    class="MuiListItemText-root"
                  >
                    <span
                      class="MuiTypography-root MuiListItemText-primary MuiTypography-body1"
                    >
                      マテリアル
                    </span>
                  </div>
                  <span
                    class="MuiTouchRipple-root"
                  />
                </div>
              </a>
              <a
                class="MuiTypography-root MuiLink-root MuiLink-underlineHover MuiTypography-colorPrimary"
                href="/formik-form"
              >
                <div
                  aria-disabled="false"
                  class="MuiButtonBase-root MuiListItem-root navigationMenu-ListItem MuiListItem-gutters MuiListItem-button"
                  role="button"
                  tabindex="0"
                >
                  <div
                    class="MuiListItemIcon-root"
                  >
                    <svg
                      aria-hidden="true"
                      class="MuiSvgIcon-root"
                      focusable="false"
                      role="presentation"
                      viewBox="0 0 24 24"
                    >
                      <path
                        d="M19 3H4.99c-1.11 0-1.98.9-1.98 2L3 19c0 1.1.88 2 1.99 2H19c1.1 0 2-.9 2-2V5c0-1.1-.9-2-2-2zm0 12h-4c0 1.66-1.35 3-3 3s-3-1.34-3-3H4.99V5H19v10zm-3-5h-2V7h-4v3H8l4 4 4-4z"
                      />
                      <path
                        d="M0 0h24v24H0V0z"
                        fill="none"
                      />
                    </svg>
                  </div>
                  <div
                    class="MuiListItemText-root"
                  >
                    <span
                      class="MuiTypography-root MuiListItemText-primary MuiTypography-body1"
                    >
                      formikフォーム
                    </span>
                  </div>
                  <span
                    class="MuiTouchRipple-root"
                  />
                </div>
              </a>
            </ul>
          </nav>
          <hr
            class="MuiDivider-root"
          />
        </div>
      </div>
      <main
        class="makeStyles-content-5"
      />
    </div>
  </div>
</body>
`;
