// Jest Snapshot v1, https://goo.gl/fbAQLP

exports[`Material snapshot 1`] = `
<body>
  <div>
    <button
      class="MuiButtonBase-root MuiButton-root MuiButton-contained MuiButton-containedPrimary"
      tabindex="0"
      type="button"
    >
      <span
        class="MuiButton-label"
      >
        Hello World
      </span>
      <span
        class="MuiTouchRipple-root"
      />
    </button>
  </div>
</body>
`;
